
> finance-tracker@0.0.0 dev
> vite

Port 5173 is in use, trying another one...
Port 5174 is in use, trying another one...
Port 5175 is in use, trying another one...

  ROLLDOWN-VITE v7.2.5  ready in 287 ms

  ➜  Local:   http://localhost:5176/
  ➜  Network: use --host to node:events:497
      throw er; // Unhandled 'error' event
      ^

Error: read EIO
    at TTY.onStreamRead (node:internal/stream_base_commons:216:20)
Emitted 'error' event on Interface instance at:
    at ReadStream.onerror (node:internal/readline/interface:246:10)
    at ReadStream.emit (node:events:519:28)
    at emitErrorNT (node:internal/streams/destroy:170:8)
    at emitErrorCloseNT (node:internal/streams/destroy:129:3)
    at process.processTicksAndRejections (node:internal/process/task_queues:90:21) {
  errno: -5,
  code: 'EIO',
  syscall: 'read'
}

Node.js v22.21.1
IO',
  syscall: 'read'
}

Node.js v22.21.1
